Archive member included to satisfy reference by file (symbol)

c:/programdata/gcc for renesas rx 8.3.0.202102-gnurx-elf/rx-elf/rx-elf/bin/../lib/gcc/rx-elf/8.3.0.202102-GNURX/../../../../rx-elf/lib\libc.a(lib_a-__call_atexit.o)
                              ./generate/start.o (__call_exitprocs)
c:/programdata/gcc for renesas rx 8.3.0.202102-gnurx-elf/rx-elf/rx-elf/bin/../lib/gcc/rx-elf/8.3.0.202102-GNURX/../../../../rx-elf/lib\libc.a(lib_a-impure.o)
                              c:/programdata/gcc for renesas rx 8.3.0.202102-gnurx-elf/rx-elf/rx-elf/bin/../lib/gcc/rx-elf/8.3.0.202102-GNURX/../../../../rx-elf/lib\libc.a(lib_a-__call_atexit.o) (_global_impure_ptr)

Memory Configuration

Name             Origin             Length             Attributes
RAM              0x0000000000000000 0x0000000000010000
ROM              0x00000000fffc0000 0x0000000000040000
*default*        0x0000000000000000 0xffffffffffffffff

Linker script and memory map

LOAD ./src/gcc_rx_project.o
LOAD ./generate/hwinit.o
LOAD ./generate/inthandler.o
LOAD ./generate/start.o
LOAD ./generate/vects.o
START GROUP
LOAD c:/programdata/gcc for renesas rx 8.3.0.202102-gnurx-elf/rx-elf/rx-elf/bin/../lib/gcc/rx-elf/8.3.0.202102-GNURX/../../../../rx-elf/lib\libm.a
LOAD c:/programdata/gcc for renesas rx 8.3.0.202102-gnurx-elf/rx-elf/rx-elf/bin/../lib/gcc/rx-elf/8.3.0.202102-GNURX/../../../../rx-elf/lib\libc.a
LOAD c:/programdata/gcc for renesas rx 8.3.0.202102-gnurx-elf/rx-elf/rx-elf/bin/../lib/gcc/rx-elf/8.3.0.202102-GNURX\libgcc.a
END GROUP
LOAD c:/programdata/gcc for renesas rx 8.3.0.202102-gnurx-elf/rx-elf/rx-elf/bin/../lib/gcc/rx-elf/8.3.0.202102-GNURX\libgcc.a
START GROUP
LOAD c:/programdata/gcc for renesas rx 8.3.0.202102-gnurx-elf/rx-elf/rx-elf/bin/../lib/gcc/rx-elf/8.3.0.202102-GNURX/../../../../rx-elf/lib\libc.a
LOAD c:/programdata/gcc for renesas rx 8.3.0.202102-gnurx-elf/rx-elf/rx-elf/bin/../lib/gcc/rx-elf/8.3.0.202102-GNURX/../../../../rx-elf/lib\libnosys.a
END GROUP
LOAD c:/programdata/gcc for renesas rx 8.3.0.202102-gnurx-elf/rx-elf/rx-elf/bin/../lib/gcc/rx-elf/8.3.0.202102-GNURX\libgcc.a

.fvectors       0x00000000ffffff80       0x80
 *(.fvectors)
 .fvectors      0x00000000ffffff80       0x80 ./generate/vects.o
                0x00000000ffffff80                HardwareVectors

.text           0x00000000fffc0000      0x885
 *(.text)
 .text          0x00000000fffc0000       0x83 ./generate/start.o
                0x00000000fffc0000                PowerON_Reset
                0x00000000fffc0076                _rx_fini
                0x00000000fffc0077                exit
 *(.text.*)
 .text.main     0x00000000fffc0083        0x6 ./src/gcc_rx_project.o
                0x00000000fffc0083                main
 .text.HardwareSetup
                0x00000000fffc0089        0x8 ./generate/hwinit.o
                0x00000000fffc0089                HardwareSetup
 .text.INT_Excep_SuperVisorInst
                0x00000000fffc0091        0x9 ./generate/inthandler.o
                0x00000000fffc0091                INT_Excep_SuperVisorInst
 .text.INT_Excep_AccessInst
                0x00000000fffc009a        0x9 ./generate/inthandler.o
                0x00000000fffc009a                INT_Excep_AccessInst
 .text.INT_Excep_UndefinedInst
                0x00000000fffc00a3        0x9 ./generate/inthandler.o
                0x00000000fffc00a3                INT_Excep_UndefinedInst
 .text.INT_Excep_FloatingPoint
                0x00000000fffc00ac        0x9 ./generate/inthandler.o
                0x00000000fffc00ac                INT_Excep_FloatingPoint
 .text.INT_NonMaskableInterrupt
                0x00000000fffc00b5        0x9 ./generate/inthandler.o
                0x00000000fffc00b5                INT_NonMaskableInterrupt
 .text.INT_Dummy
                0x00000000fffc00be        0x9 ./generate/inthandler.o
                0x00000000fffc00be                INT_Dummy
 .text.INT_Excep_BRK
                0x00000000fffc00c7        0x9 ./generate/inthandler.o
                0x00000000fffc00c7                INT_Excep_BRK
 .text.INT_Excep_BSC_BUSERR
                0x00000000fffc00d0        0x9 ./generate/inthandler.o
                0x00000000fffc00d0                INT_Excep_BSC_BUSERR
 .text.INT_Excep_FCU_FIFERR
                0x00000000fffc00d9        0x9 ./generate/inthandler.o
                0x00000000fffc00d9                INT_Excep_FCU_FIFERR
 .text.INT_Excep_FCU_FRDYI
                0x00000000fffc00e2        0x9 ./generate/inthandler.o
                0x00000000fffc00e2                INT_Excep_FCU_FRDYI
 .text.INT_Excep_ICU_SWINT
                0x00000000fffc00eb        0x9 ./generate/inthandler.o
                0x00000000fffc00eb                INT_Excep_ICU_SWINT
 .text.INT_Excep_CMT0_CMI0
                0x00000000fffc00f4        0x9 ./generate/inthandler.o
                0x00000000fffc00f4                INT_Excep_CMT0_CMI0
 .text.INT_Excep_CMT1_CMI1
                0x00000000fffc00fd        0x9 ./generate/inthandler.o
                0x00000000fffc00fd                INT_Excep_CMT1_CMI1
 .text.INT_Excep_CMT2_CMI2
                0x00000000fffc0106        0x9 ./generate/inthandler.o
                0x00000000fffc0106                INT_Excep_CMT2_CMI2
 .text.INT_Excep_CMT3_CMI3
                0x00000000fffc010f        0x9 ./generate/inthandler.o
                0x00000000fffc010f                INT_Excep_CMT3_CMI3
 .text.INT_Excep_ETHER_EINT
                0x00000000fffc0118        0x9 ./generate/inthandler.o
                0x00000000fffc0118                INT_Excep_ETHER_EINT
 .text.INT_Excep_USB0_D0FIFO0
                0x00000000fffc0121        0x9 ./generate/inthandler.o
                0x00000000fffc0121                INT_Excep_USB0_D0FIFO0
 .text.INT_Excep_USB0_D1FIFO0
                0x00000000fffc012a        0x9 ./generate/inthandler.o
                0x00000000fffc012a                INT_Excep_USB0_D1FIFO0
 .text.INT_Excep_USB0_USBI0
                0x00000000fffc0133        0x9 ./generate/inthandler.o
                0x00000000fffc0133                INT_Excep_USB0_USBI0
 .text.INT_Excep_USB1_D0FIFO1
                0x00000000fffc013c        0x9 ./generate/inthandler.o
                0x00000000fffc013c                INT_Excep_USB1_D0FIFO1
 .text.INT_Excep_USB1_D1FIFO1
                0x00000000fffc0145        0x9 ./generate/inthandler.o
                0x00000000fffc0145                INT_Excep_USB1_D1FIFO1
 .text.INT_Excep_USB1_USBI1
                0x00000000fffc014e        0x9 ./generate/inthandler.o
                0x00000000fffc014e                INT_Excep_USB1_USBI1
 .text.INT_Excep_RSPI0_SPRI0
                0x00000000fffc0157        0x9 ./generate/inthandler.o
                0x00000000fffc0157                INT_Excep_RSPI0_SPRI0
 .text.INT_Excep_RSPI0_SPTI0
                0x00000000fffc0160        0x9 ./generate/inthandler.o
                0x00000000fffc0160                INT_Excep_RSPI0_SPTI0
 .text.INT_Excep_RSPI0_SPII0
                0x00000000fffc0169        0x9 ./generate/inthandler.o
                0x00000000fffc0169                INT_Excep_RSPI0_SPII0
 .text.INT_Excep_RSPI1_SPRI1
                0x00000000fffc0172        0x9 ./generate/inthandler.o
                0x00000000fffc0172                INT_Excep_RSPI1_SPRI1
 .text.INT_Excep_RSPI1_SPTI1
                0x00000000fffc017b        0x9 ./generate/inthandler.o
                0x00000000fffc017b                INT_Excep_RSPI1_SPTI1
 .text.INT_Excep_RSPI1_SPII1
                0x00000000fffc0184        0x9 ./generate/inthandler.o
                0x00000000fffc0184                INT_Excep_RSPI1_SPII1
 .text.INT_Excep_RSPI2_SPRI2
                0x00000000fffc018d        0x9 ./generate/inthandler.o
                0x00000000fffc018d                INT_Excep_RSPI2_SPRI2
 .text.INT_Excep_RSPI2_SPTI2
                0x00000000fffc0196        0x9 ./generate/inthandler.o
                0x00000000fffc0196                INT_Excep_RSPI2_SPTI2
 .text.INT_Excep_RSPI2_SPII2
                0x00000000fffc019f        0x9 ./generate/inthandler.o
                0x00000000fffc019f                INT_Excep_RSPI2_SPII2
 .text.INT_Excep_CAN0_RXF0
                0x00000000fffc01a8        0x9 ./generate/inthandler.o
                0x00000000fffc01a8                INT_Excep_CAN0_RXF0
 .text.INT_Excep_CAN0_TXF0
                0x00000000fffc01b1        0x9 ./generate/inthandler.o
                0x00000000fffc01b1                INT_Excep_CAN0_TXF0
 .text.INT_Excep_CAN0_RXM0
                0x00000000fffc01ba        0x9 ./generate/inthandler.o
                0x00000000fffc01ba                INT_Excep_CAN0_RXM0
 .text.INT_Excep_CAN0_TXM0
                0x00000000fffc01c3        0x9 ./generate/inthandler.o
                0x00000000fffc01c3                INT_Excep_CAN0_TXM0
 .text.INT_Excep_CAN1_RXF1
                0x00000000fffc01cc        0x9 ./generate/inthandler.o
                0x00000000fffc01cc                INT_Excep_CAN1_RXF1
 .text.INT_Excep_CAN1_TXF1
                0x00000000fffc01d5        0x9 ./generate/inthandler.o
                0x00000000fffc01d5                INT_Excep_CAN1_TXF1
 .text.INT_Excep_CAN1_RXM1
                0x00000000fffc01de        0x9 ./generate/inthandler.o
                0x00000000fffc01de                INT_Excep_CAN1_RXM1
 .text.INT_Excep_CAN1_TXM1
                0x00000000fffc01e7        0x9 ./generate/inthandler.o
                0x00000000fffc01e7                INT_Excep_CAN1_TXM1
 .text.INT_Excep_CAN2_RXF2
                0x00000000fffc01f0        0x9 ./generate/inthandler.o
                0x00000000fffc01f0                INT_Excep_CAN2_RXF2
 .text.INT_Excep_CAN2_TXF2
                0x00000000fffc01f9        0x9 ./generate/inthandler.o
                0x00000000fffc01f9                INT_Excep_CAN2_TXF2
 .text.INT_Excep_CAN2_RXM2
                0x00000000fffc0202        0x9 ./generate/inthandler.o
                0x00000000fffc0202                INT_Excep_CAN2_RXM2
 .text.INT_Excep_CAN2_TXM2
                0x00000000fffc020b        0x9 ./generate/inthandler.o
                0x00000000fffc020b                INT_Excep_CAN2_TXM2
 .text.INT_Excep_RTC_CUP
                0x00000000fffc0214        0x9 ./generate/inthandler.o
                0x00000000fffc0214                INT_Excep_RTC_CUP
 .text.INT_Excep_ICU_IRQ0
                0x00000000fffc021d        0x9 ./generate/inthandler.o
                0x00000000fffc021d                INT_Excep_ICU_IRQ0
 .text.INT_Excep_ICU_IRQ1
                0x00000000fffc0226        0x9 ./generate/inthandler.o
                0x00000000fffc0226                INT_Excep_ICU_IRQ1
 .text.INT_Excep_ICU_IRQ2
                0x00000000fffc022f        0x9 ./generate/inthandler.o
                0x00000000fffc022f                INT_Excep_ICU_IRQ2
 .text.INT_Excep_ICU_IRQ3
                0x00000000fffc0238        0x9 ./generate/inthandler.o
                0x00000000fffc0238                INT_Excep_ICU_IRQ3
 .text.INT_Excep_ICU_IRQ4
                0x00000000fffc0241        0x9 ./generate/inthandler.o
                0x00000000fffc0241                INT_Excep_ICU_IRQ4
 .text.INT_Excep_ICU_IRQ5
                0x00000000fffc024a        0x9 ./generate/inthandler.o
                0x00000000fffc024a                INT_Excep_ICU_IRQ5
 .text.INT_Excep_ICU_IRQ6
                0x00000000fffc0253        0x9 ./generate/inthandler.o
                0x00000000fffc0253                INT_Excep_ICU_IRQ6
 .text.INT_Excep_ICU_IRQ7
                0x00000000fffc025c        0x9 ./generate/inthandler.o
                0x00000000fffc025c                INT_Excep_ICU_IRQ7
 .text.INT_Excep_ICU_IRQ8
                0x00000000fffc0265        0x9 ./generate/inthandler.o
                0x00000000fffc0265                INT_Excep_ICU_IRQ8
 .text.INT_Excep_ICU_IRQ9
                0x00000000fffc026e        0x9 ./generate/inthandler.o
                0x00000000fffc026e                INT_Excep_ICU_IRQ9
 .text.INT_Excep_ICU_IRQ10
                0x00000000fffc0277        0x9 ./generate/inthandler.o
                0x00000000fffc0277                INT_Excep_ICU_IRQ10
 .text.INT_Excep_ICU_IRQ11
                0x00000000fffc0280        0x9 ./generate/inthandler.o
                0x00000000fffc0280                INT_Excep_ICU_IRQ11
 .text.INT_Excep_ICU_IRQ12
                0x00000000fffc0289        0x9 ./generate/inthandler.o
                0x00000000fffc0289                INT_Excep_ICU_IRQ12
 .text.INT_Excep_ICU_IRQ13
                0x00000000fffc0292        0x9 ./generate/inthandler.o
                0x00000000fffc0292                INT_Excep_ICU_IRQ13
 .text.INT_Excep_ICU_IRQ14
                0x00000000fffc029b        0x9 ./generate/inthandler.o
                0x00000000fffc029b                INT_Excep_ICU_IRQ14
 .text.INT_Excep_ICU_IRQ15
                0x00000000fffc02a4        0x9 ./generate/inthandler.o
                0x00000000fffc02a4                INT_Excep_ICU_IRQ15
 .text.INT_Excep_USB_USBR0
                0x00000000fffc02ad        0x9 ./generate/inthandler.o
                0x00000000fffc02ad                INT_Excep_USB_USBR0
 .text.INT_Excep_USB_USBR1
                0x00000000fffc02b6        0x9 ./generate/inthandler.o
                0x00000000fffc02b6                INT_Excep_USB_USBR1
 .text.INT_Excep_RTC_ALM
                0x00000000fffc02bf        0x9 ./generate/inthandler.o
                0x00000000fffc02bf                INT_Excep_RTC_ALM
 .text.INT_Excep_RTC_PRD
                0x00000000fffc02c8        0x9 ./generate/inthandler.o
                0x00000000fffc02c8                INT_Excep_RTC_PRD
 .text.INT_Excep_AD_ADI0
                0x00000000fffc02d1        0x9 ./generate/inthandler.o
                0x00000000fffc02d1                INT_Excep_AD_ADI0
 .text.INT_Excep_S12AD_S12ADI0
                0x00000000fffc02da        0x9 ./generate/inthandler.o
                0x00000000fffc02da                INT_Excep_S12AD_S12ADI0
 .text.INT_Excep_ICU_GROUP0
                0x00000000fffc02e3        0x9 ./generate/inthandler.o
                0x00000000fffc02e3                INT_Excep_ICU_GROUP0
 .text.INT_Excep_ICU_GROUP1
                0x00000000fffc02ec        0x9 ./generate/inthandler.o
                0x00000000fffc02ec                INT_Excep_ICU_GROUP1
 .text.INT_Excep_ICU_GROUP2
                0x00000000fffc02f5        0x9 ./generate/inthandler.o
                0x00000000fffc02f5                INT_Excep_ICU_GROUP2
 .text.INT_Excep_ICU_GROUP3
                0x00000000fffc02fe        0x9 ./generate/inthandler.o
                0x00000000fffc02fe                INT_Excep_ICU_GROUP3
 .text.INT_Excep_ICU_GROUP4
                0x00000000fffc0307        0x9 ./generate/inthandler.o
                0x00000000fffc0307                INT_Excep_ICU_GROUP4
 .text.INT_Excep_ICU_GROUP5
                0x00000000fffc0310        0x9 ./generate/inthandler.o
                0x00000000fffc0310                INT_Excep_ICU_GROUP5
 .text.INT_Excep_ICU_GROUP6
                0x00000000fffc0319        0x9 ./generate/inthandler.o
                0x00000000fffc0319                INT_Excep_ICU_GROUP6
 .text.INT_Excep_ICU_GROUP12
                0x00000000fffc0322        0x9 ./generate/inthandler.o
                0x00000000fffc0322                INT_Excep_ICU_GROUP12
 .text.INT_Excep_SCI12_SCIX0
                0x00000000fffc032b        0x9 ./generate/inthandler.o
                0x00000000fffc032b                INT_Excep_SCI12_SCIX0
 .text.INT_Excep_SCI12_SCIX1
                0x00000000fffc0334        0x9 ./generate/inthandler.o
                0x00000000fffc0334                INT_Excep_SCI12_SCIX1
 .text.INT_Excep_SCI12_SCIX2
                0x00000000fffc033d        0x9 ./generate/inthandler.o
                0x00000000fffc033d                INT_Excep_SCI12_SCIX2
 .text.INT_Excep_SCI12_SCIX3
                0x00000000fffc0346        0x9 ./generate/inthandler.o
                0x00000000fffc0346                INT_Excep_SCI12_SCIX3
 .text.INT_Excep_TPU0_TGI0A
                0x00000000fffc034f        0x9 ./generate/inthandler.o
                0x00000000fffc034f                INT_Excep_TPU0_TGI0A
 .text.INT_Excep_TPU0_TGI0B
                0x00000000fffc0358        0x9 ./generate/inthandler.o
                0x00000000fffc0358                INT_Excep_TPU0_TGI0B
 .text.INT_Excep_TPU0_TGI0C
                0x00000000fffc0361        0x9 ./generate/inthandler.o
                0x00000000fffc0361                INT_Excep_TPU0_TGI0C
 .text.INT_Excep_TPU0_TGI0D
                0x00000000fffc036a        0x9 ./generate/inthandler.o
                0x00000000fffc036a                INT_Excep_TPU0_TGI0D
 .text.INT_Excep_TPU1_TGI1A
                0x00000000fffc0373        0x9 ./generate/inthandler.o
                0x00000000fffc0373                INT_Excep_TPU1_TGI1A
 .text.INT_Excep_TPU1_TGI1B
                0x00000000fffc037c        0x9 ./generate/inthandler.o
                0x00000000fffc037c                INT_Excep_TPU1_TGI1B
 .text.INT_Excep_TPU2_TGI2A
                0x00000000fffc0385        0x9 ./generate/inthandler.o
                0x00000000fffc0385                INT_Excep_TPU2_TGI2A
 .text.INT_Excep_TPU2_TGI2B
                0x00000000fffc038e        0x9 ./generate/inthandler.o
                0x00000000fffc038e                INT_Excep_TPU2_TGI2B
 .text.INT_Excep_TPU3_TGI3A
                0x00000000fffc0397        0x9 ./generate/inthandler.o
                0x00000000fffc0397                INT_Excep_TPU3_TGI3A
 .text.INT_Excep_TPU3_TGI3B
                0x00000000fffc03a0        0x9 ./generate/inthandler.o
                0x00000000fffc03a0                INT_Excep_TPU3_TGI3B
 .text.INT_Excep_TPU3_TGI3C
                0x00000000fffc03a9        0x9 ./generate/inthandler.o
                0x00000000fffc03a9                INT_Excep_TPU3_TGI3C
 .text.INT_Excep_TPU3_TGI3D
                0x00000000fffc03b2        0x9 ./generate/inthandler.o
                0x00000000fffc03b2                INT_Excep_TPU3_TGI3D
 .text.INT_Excep_TPU4_TGI4A
                0x00000000fffc03bb        0x9 ./generate/inthandler.o
                0x00000000fffc03bb                INT_Excep_TPU4_TGI4A
 .text.INT_Excep_TPU4_TGI4B
                0x00000000fffc03c4        0x9 ./generate/inthandler.o
                0x00000000fffc03c4                INT_Excep_TPU4_TGI4B
 .text.INT_Excep_TPU5_TGI5A
                0x00000000fffc03cd        0x9 ./generate/inthandler.o
                0x00000000fffc03cd                INT_Excep_TPU5_TGI5A
 .text.INT_Excep_TPU5_TGI5B
                0x00000000fffc03d6        0x9 ./generate/inthandler.o
                0x00000000fffc03d6                INT_Excep_TPU5_TGI5B
 .text.INT_Excep_TPU6_TGI6A
                0x00000000fffc03df        0x9 ./generate/inthandler.o
                0x00000000fffc03df                INT_Excep_TPU6_TGI6A
 .text.INT_Excep_TPU6_TGI6B
                0x00000000fffc03e8        0x9 ./generate/inthandler.o
                0x00000000fffc03e8                INT_Excep_TPU6_TGI6B
 .text.INT_Excep_TPU6_TGI6C
                0x00000000fffc03f1        0x9 ./generate/inthandler.o
                0x00000000fffc03f1                INT_Excep_TPU6_TGI6C
 .text.INT_Excep_TPU6_TGI6D
                0x00000000fffc03fa        0x9 ./generate/inthandler.o
                0x00000000fffc03fa                INT_Excep_TPU6_TGI6D
 .text.INT_Excep_MTU0_TGIA0
                0x00000000fffc0403        0x8 ./generate/inthandler.o
                0x00000000fffc0403                INT_Excep_MTU0_TGIA0
 .text.INT_Excep_MTU0_TGIB0
                0x00000000fffc040b        0x8 ./generate/inthandler.o
                0x00000000fffc040b                INT_Excep_MTU0_TGIB0
 .text.INT_Excep_MTU0_TGIC0
                0x00000000fffc0413        0x8 ./generate/inthandler.o
                0x00000000fffc0413                INT_Excep_MTU0_TGIC0
 .text.INT_Excep_MTU0_TGID0
                0x00000000fffc041b        0x8 ./generate/inthandler.o
                0x00000000fffc041b                INT_Excep_MTU0_TGID0
 .text.INT_Excep_MTU0_TGIE0
                0x00000000fffc0423        0x9 ./generate/inthandler.o
                0x00000000fffc0423                INT_Excep_MTU0_TGIE0
 .text.INT_Excep_MTU0_TGIF0
                0x00000000fffc042c        0x9 ./generate/inthandler.o
                0x00000000fffc042c                INT_Excep_MTU0_TGIF0
 .text.INT_Excep_TPU7_TGI7A
                0x00000000fffc0435        0x9 ./generate/inthandler.o
                0x00000000fffc0435                INT_Excep_TPU7_TGI7A
 .text.INT_Excep_TPU7_TGI7B
                0x00000000fffc043e        0x9 ./generate/inthandler.o
                0x00000000fffc043e                INT_Excep_TPU7_TGI7B
 .text.INT_Excep_MTU1_TGIA1
                0x00000000fffc0447        0x8 ./generate/inthandler.o
                0x00000000fffc0447                INT_Excep_MTU1_TGIA1
 .text.INT_Excep_MTU1_TGIB1
                0x00000000fffc044f        0x8 ./generate/inthandler.o
                0x00000000fffc044f                INT_Excep_MTU1_TGIB1
 .text.INT_Excep_TPU8_TGI8A
                0x00000000fffc0457        0x9 ./generate/inthandler.o
                0x00000000fffc0457                INT_Excep_TPU8_TGI8A
 .text.INT_Excep_TPU8_TGI8B
                0x00000000fffc0460        0x9 ./generate/inthandler.o
                0x00000000fffc0460                INT_Excep_TPU8_TGI8B
 .text.INT_Excep_MTU2_TGIA2
                0x00000000fffc0469        0x8 ./generate/inthandler.o
                0x00000000fffc0469                INT_Excep_MTU2_TGIA2
 .text.INT_Excep_MTU2_TGIB2
                0x00000000fffc0471        0x8 ./generate/inthandler.o
                0x00000000fffc0471                INT_Excep_MTU2_TGIB2
 .text.INT_Excep_TPU9_TGI9A
                0x00000000fffc0479        0x9 ./generate/inthandler.o
                0x00000000fffc0479                INT_Excep_TPU9_TGI9A
 .text.INT_Excep_TPU9_TGI9B
                0x00000000fffc0482        0x9 ./generate/inthandler.o
                0x00000000fffc0482                INT_Excep_TPU9_TGI9B
 .text.INT_Excep_TPU9_TGI9C
                0x00000000fffc048b        0x9 ./generate/inthandler.o
                0x00000000fffc048b                INT_Excep_TPU9_TGI9C
 .text.INT_Excep_TPU9_TGI9D
                0x00000000fffc0494        0x9 ./generate/inthandler.o
                0x00000000fffc0494                INT_Excep_TPU9_TGI9D
 .text.INT_Excep_MTU3_TGIA3
                0x00000000fffc049d        0x8 ./generate/inthandler.o
                0x00000000fffc049d                INT_Excep_MTU3_TGIA3
 .text.INT_Excep_MTU3_TGIB3
                0x00000000fffc04a5        0x8 ./generate/inthandler.o
                0x00000000fffc04a5                INT_Excep_MTU3_TGIB3
 .text.INT_Excep_MTU3_TGIC3
                0x00000000fffc04ad        0x8 ./generate/inthandler.o
                0x00000000fffc04ad                INT_Excep_MTU3_TGIC3
 .text.INT_Excep_MTU3_TGID3
                0x00000000fffc04b5        0x8 ./generate/inthandler.o
                0x00000000fffc04b5                INT_Excep_MTU3_TGID3
 .text.INT_Excep_TPU10_TGI10A
                0x00000000fffc04bd        0x9 ./generate/inthandler.o
                0x00000000fffc04bd                INT_Excep_TPU10_TGI10A
 .text.INT_Excep_TPU10_TGI10B
                0x00000000fffc04c6        0x9 ./generate/inthandler.o
                0x00000000fffc04c6                INT_Excep_TPU10_TGI10B
 .text.INT_Excep_MTU4_TGIA4
                0x00000000fffc04cf        0x8 ./generate/inthandler.o
                0x00000000fffc04cf                INT_Excep_MTU4_TGIA4
 .text.INT_Excep_MTU4_TGIB4
                0x00000000fffc04d7        0x8 ./generate/inthandler.o
                0x00000000fffc04d7                INT_Excep_MTU4_TGIB4
 .text.INT_Excep_MTU4_TGIC4
                0x00000000fffc04df        0x9 ./generate/inthandler.o
                0x00000000fffc04df                INT_Excep_MTU4_TGIC4
 .text.INT_Excep_MTU4_TGID4
                0x00000000fffc04e8        0x9 ./generate/inthandler.o
                0x00000000fffc04e8                INT_Excep_MTU4_TGID4
 .text.INT_Excep_MTU4_TCIV4
                0x00000000fffc04f1        0x9 ./generate/inthandler.o
                0x00000000fffc04f1                INT_Excep_MTU4_TCIV4
 .text.INT_Excep_TPU11_TGI11A
                0x00000000fffc04fa        0x9 ./generate/inthandler.o
                0x00000000fffc04fa                INT_Excep_TPU11_TGI11A
 .text.INT_Excep_TPU11_TGI11B
                0x00000000fffc0503        0x9 ./generate/inthandler.o
                0x00000000fffc0503                INT_Excep_TPU11_TGI11B
 .text.INT_Excep_MTU5_TGIU5
                0x00000000fffc050c        0x9 ./generate/inthandler.o
                0x00000000fffc050c                INT_Excep_MTU5_TGIU5
 .text.INT_Excep_MTU5_TGIV5
                0x00000000fffc0515        0x9 ./generate/inthandler.o
                0x00000000fffc0515                INT_Excep_MTU5_TGIV5
 .text.INT_Excep_MTU5_TGIW5
                0x00000000fffc051e        0x9 ./generate/inthandler.o
                0x00000000fffc051e                INT_Excep_MTU5_TGIW5
 .text.INT_Excep_POE_OEI1
                0x00000000fffc0527        0x9 ./generate/inthandler.o
                0x00000000fffc0527                INT_Excep_POE_OEI1
 .text.INT_Excep_POE_OEI2
                0x00000000fffc0530        0x9 ./generate/inthandler.o
                0x00000000fffc0530                INT_Excep_POE_OEI2
 .text.INT_Excep_TMR0_CMIA0
                0x00000000fffc0539        0x9 ./generate/inthandler.o
                0x00000000fffc0539                INT_Excep_TMR0_CMIA0
 .text.INT_Excep_TMR0_CMIB0
                0x00000000fffc0542        0x9 ./generate/inthandler.o
                0x00000000fffc0542                INT_Excep_TMR0_CMIB0
 .text.INT_Excep_TMR0_OVI0
                0x00000000fffc054b        0x9 ./generate/inthandler.o
                0x00000000fffc054b                INT_Excep_TMR0_OVI0
 .text.INT_Excep_TMR1_CMIA1
                0x00000000fffc0554        0x9 ./generate/inthandler.o
                0x00000000fffc0554                INT_Excep_TMR1_CMIA1
 .text.INT_Excep_TMR1_CMIB1
                0x00000000fffc055d        0x9 ./generate/inthandler.o
                0x00000000fffc055d                INT_Excep_TMR1_CMIB1
 .text.INT_Excep_TMR1_OVI1
                0x00000000fffc0566        0x9 ./generate/inthandler.o
                0x00000000fffc0566                INT_Excep_TMR1_OVI1
 .text.INT_Excep_TMR2_CMIA2
                0x00000000fffc056f        0x9 ./generate/inthandler.o
                0x00000000fffc056f                INT_Excep_TMR2_CMIA2
 .text.INT_Excep_TMR2_CMIB2
                0x00000000fffc0578        0x9 ./generate/inthandler.o
                0x00000000fffc0578                INT_Excep_TMR2_CMIB2
 .text.INT_Excep_TMR2_OVI2
                0x00000000fffc0581        0x9 ./generate/inthandler.o
                0x00000000fffc0581                INT_Excep_TMR2_OVI2
 .text.INT_Excep_TMR3_CMIA3
                0x00000000fffc058a        0x9 ./generate/inthandler.o
                0x00000000fffc058a                INT_Excep_TMR3_CMIA3
 .text.INT_Excep_TMR3_CMIB3
                0x00000000fffc0593        0x9 ./generate/inthandler.o
                0x00000000fffc0593                INT_Excep_TMR3_CMIB3
 .text.INT_Excep_TMR3_OVI3
                0x00000000fffc059c        0x9 ./generate/inthandler.o
                0x00000000fffc059c                INT_Excep_TMR3_OVI3
 .text.INT_Excep_RIIC0_EEI0
                0x00000000fffc05a5        0x9 ./generate/inthandler.o
                0x00000000fffc05a5                INT_Excep_RIIC0_EEI0
 .text.INT_Excep_RIIC0_RXI0
                0x00000000fffc05ae        0x9 ./generate/inthandler.o
                0x00000000fffc05ae                INT_Excep_RIIC0_RXI0
 .text.INT_Excep_RIIC0_TXI0
                0x00000000fffc05b7        0x9 ./generate/inthandler.o
                0x00000000fffc05b7                INT_Excep_RIIC0_TXI0
 .text.INT_Excep_RIIC0_TEI0
                0x00000000fffc05c0        0x9 ./generate/inthandler.o
                0x00000000fffc05c0                INT_Excep_RIIC0_TEI0
 .text.INT_Excep_RIIC1_EEI1
                0x00000000fffc05c9        0x9 ./generate/inthandler.o
                0x00000000fffc05c9                INT_Excep_RIIC1_EEI1
 .text.INT_Excep_RIIC1_RXI1
                0x00000000fffc05d2        0x9 ./generate/inthandler.o
                0x00000000fffc05d2                INT_Excep_RIIC1_RXI1
 .text.INT_Excep_RIIC1_TXI1
                0x00000000fffc05db        0x9 ./generate/inthandler.o
                0x00000000fffc05db                INT_Excep_RIIC1_TXI1
 .text.INT_Excep_RIIC1_TEI1
                0x00000000fffc05e4        0x9 ./generate/inthandler.o
                0x00000000fffc05e4                INT_Excep_RIIC1_TEI1
 .text.INT_Excep_RIIC2_EEI2
                0x00000000fffc05ed        0x9 ./generate/inthandler.o
                0x00000000fffc05ed                INT_Excep_RIIC2_EEI2
 .text.INT_Excep_RIIC2_RXI2
                0x00000000fffc05f6        0x9 ./generate/inthandler.o
                0x00000000fffc05f6                INT_Excep_RIIC2_RXI2
 .text.INT_Excep_RIIC2_TXI2
                0x00000000fffc05ff        0x9 ./generate/inthandler.o
                0x00000000fffc05ff                INT_Excep_RIIC2_TXI2
 .text.INT_Excep_RIIC2_TEI2
                0x00000000fffc0608        0x9 ./generate/inthandler.o
                0x00000000fffc0608                INT_Excep_RIIC2_TEI2
 .text.INT_Excep_RIIC3_EEI3
                0x00000000fffc0611        0x9 ./generate/inthandler.o
                0x00000000fffc0611                INT_Excep_RIIC3_EEI3
 .text.INT_Excep_RIIC3_RXI3
                0x00000000fffc061a        0x9 ./generate/inthandler.o
                0x00000000fffc061a                INT_Excep_RIIC3_RXI3
 .text.INT_Excep_RIIC3_TXI3
                0x00000000fffc0623        0x9 ./generate/inthandler.o
                0x00000000fffc0623                INT_Excep_RIIC3_TXI3
 .text.INT_Excep_RIIC3_TEI3
                0x00000000fffc062c        0x9 ./generate/inthandler.o
                0x00000000fffc062c                INT_Excep_RIIC3_TEI3
 .text.INT_Excep_DMAC_DMAC0I
                0x00000000fffc0635        0x9 ./generate/inthandler.o
                0x00000000fffc0635                INT_Excep_DMAC_DMAC0I
 .text.INT_Excep_DMAC_DMAC1I
                0x00000000fffc063e        0x9 ./generate/inthandler.o
                0x00000000fffc063e                INT_Excep_DMAC_DMAC1I
 .text.INT_Excep_DMAC_DMAC2I
                0x00000000fffc0647        0x9 ./generate/inthandler.o
                0x00000000fffc0647                INT_Excep_DMAC_DMAC2I
 .text.INT_Excep_DMAC_DMAC3I
                0x00000000fffc0650        0x9 ./generate/inthandler.o
                0x00000000fffc0650                INT_Excep_DMAC_DMAC3I
 .text.INT_Excep_EXDMAC_EXDMAC0I
                0x00000000fffc0659        0x9 ./generate/inthandler.o
                0x00000000fffc0659                INT_Excep_EXDMAC_EXDMAC0I
 .text.INT_Excep_EXDMAC_EXDMAC1I
                0x00000000fffc0662        0x9 ./generate/inthandler.o
                0x00000000fffc0662                INT_Excep_EXDMAC_EXDMAC1I
 .text.INT_Excep_DEU_DEU0
                0x00000000fffc066b        0x9 ./generate/inthandler.o
                0x00000000fffc066b                INT_Excep_DEU_DEU0
 .text.INT_Excep_DEU_DEU1
                0x00000000fffc0674        0x9 ./generate/inthandler.o
                0x00000000fffc0674                INT_Excep_DEU_DEU1
 .text.INT_Excep_PDC_PCDFI
                0x00000000fffc067d        0x9 ./generate/inthandler.o
                0x00000000fffc067d                INT_Excep_PDC_PCDFI
 .text.INT_Excep_PDC_PCFEI
                0x00000000fffc0686        0x9 ./generate/inthandler.o
                0x00000000fffc0686                INT_Excep_PDC_PCFEI
 .text.INT_Excep_PDC_PCERI
                0x00000000fffc068f        0x9 ./generate/inthandler.o
                0x00000000fffc068f                INT_Excep_PDC_PCERI
 .text.INT_Excep_SCI0_RXI0
                0x00000000fffc0698        0x9 ./generate/inthandler.o
                0x00000000fffc0698                INT_Excep_SCI0_RXI0
 .text.INT_Excep_SCI0_TXI0
                0x00000000fffc06a1        0x9 ./generate/inthandler.o
                0x00000000fffc06a1                INT_Excep_SCI0_TXI0
 .text.INT_Excep_SCI0_TEI0
                0x00000000fffc06aa        0x9 ./generate/inthandler.o
                0x00000000fffc06aa                INT_Excep_SCI0_TEI0
 .text.INT_Excep_SCI1_RXI1
                0x00000000fffc06b3        0x9 ./generate/inthandler.o
                0x00000000fffc06b3                INT_Excep_SCI1_RXI1
 .text.INT_Excep_SCI1_TXI1
                0x00000000fffc06bc        0x9 ./generate/inthandler.o
                0x00000000fffc06bc                INT_Excep_SCI1_TXI1
 .text.INT_Excep_SCI1_TEI1
                0x00000000fffc06c5        0x9 ./generate/inthandler.o
                0x00000000fffc06c5                INT_Excep_SCI1_TEI1
 .text.INT_Excep_SCI2_RXI2
                0x00000000fffc06ce        0x9 ./generate/inthandler.o
                0x00000000fffc06ce                INT_Excep_SCI2_RXI2
 .text.INT_Excep_SCI2_TXI2
                0x00000000fffc06d7        0x9 ./generate/inthandler.o
                0x00000000fffc06d7                INT_Excep_SCI2_TXI2
 .text.INT_Excep_SCI2_TEI2
                0x00000000fffc06e0        0x9 ./generate/inthandler.o
                0x00000000fffc06e0                INT_Excep_SCI2_TEI2
 .text.INT_Excep_SCI3_RXI3
                0x00000000fffc06e9        0x9 ./generate/inthandler.o
                0x00000000fffc06e9                INT_Excep_SCI3_RXI3
 .text.INT_Excep_SCI3_TXI3
                0x00000000fffc06f2        0x9 ./generate/inthandler.o
                0x00000000fffc06f2                INT_Excep_SCI3_TXI3
 .text.INT_Excep_SCI3_TEI3
                0x00000000fffc06fb        0x9 ./generate/inthandler.o
                0x00000000fffc06fb                INT_Excep_SCI3_TEI3
 .text.INT_Excep_SCI4_RXI4
                0x00000000fffc0704        0x9 ./generate/inthandler.o
                0x00000000fffc0704                INT_Excep_SCI4_RXI4
 .text.INT_Excep_SCI4_TXI4
                0x00000000fffc070d        0x9 ./generate/inthandler.o
                0x00000000fffc070d                INT_Excep_SCI4_TXI4
 .text.INT_Excep_SCI4_TEI4
                0x00000000fffc0716        0x9 ./generate/inthandler.o
                0x00000000fffc0716                INT_Excep_SCI4_TEI4
 .text.INT_Excep_SCI5_RXI5
                0x00000000fffc071f        0x9 ./generate/inthandler.o
                0x00000000fffc071f                INT_Excep_SCI5_RXI5
 .text.INT_Excep_SCI5_TXI5
                0x00000000fffc0728        0x9 ./generate/inthandler.o
                0x00000000fffc0728                INT_Excep_SCI5_TXI5
 .text.INT_Excep_SCI5_TEI5
                0x00000000fffc0731        0x9 ./generate/inthandler.o
                0x00000000fffc0731                INT_Excep_SCI5_TEI5
 .text.INT_Excep_SCI6_RXI6
                0x00000000fffc073a        0x9 ./generate/inthandler.o
                0x00000000fffc073a                INT_Excep_SCI6_RXI6
 .text.INT_Excep_SCI6_TXI6
                0x00000000fffc0743        0x9 ./generate/inthandler.o
                0x00000000fffc0743                INT_Excep_SCI6_TXI6
 .text.INT_Excep_SCI6_TEI6
                0x00000000fffc074c        0x9 ./generate/inthandler.o
                0x00000000fffc074c                INT_Excep_SCI6_TEI6
 .text.INT_Excep_SCI7_RXI7
                0x00000000fffc0755        0x9 ./generate/inthandler.o
                0x00000000fffc0755                INT_Excep_SCI7_RXI7
 .text.INT_Excep_SCI7_TXI7
                0x00000000fffc075e        0x9 ./generate/inthandler.o
                0x00000000fffc075e                INT_Excep_SCI7_TXI7
 .text.INT_Excep_SCI7_TEI7
                0x00000000fffc0767        0x9 ./generate/inthandler.o
                0x00000000fffc0767                INT_Excep_SCI7_TEI7
 .text.INT_Excep_SCI8_RXI8
                0x00000000fffc0770        0x9 ./generate/inthandler.o
                0x00000000fffc0770                INT_Excep_SCI8_RXI8
 .text.INT_Excep_SCI8_TXI8
                0x00000000fffc0779        0x9 ./generate/inthandler.o
                0x00000000fffc0779                INT_Excep_SCI8_TXI8
 .text.INT_Excep_SCI8_TEI8
                0x00000000fffc0782        0x9 ./generate/inthandler.o
                0x00000000fffc0782                INT_Excep_SCI8_TEI8
 .text.INT_Excep_SCI9_RXI9
                0x00000000fffc078b        0x9 ./generate/inthandler.o
                0x00000000fffc078b                INT_Excep_SCI9_RXI9
 .text.INT_Excep_SCI9_TXI9
                0x00000000fffc0794        0x9 ./generate/inthandler.o
                0x00000000fffc0794                INT_Excep_SCI9_TXI9
 .text.INT_Excep_SCI9_TEI9
                0x00000000fffc079d        0x9 ./generate/inthandler.o
                0x00000000fffc079d                INT_Excep_SCI9_TEI9
 .text.INT_Excep_SCI10_RXI10
                0x00000000fffc07a6        0x9 ./generate/inthandler.o
                0x00000000fffc07a6                INT_Excep_SCI10_RXI10
 .text.INT_Excep_SCI10_TXI10
                0x00000000fffc07af        0x9 ./generate/inthandler.o
                0x00000000fffc07af                INT_Excep_SCI10_TXI10
 .text.INT_Excep_SCI10_TEI10
                0x00000000fffc07b8        0x9 ./generate/inthandler.o
                0x00000000fffc07b8                INT_Excep_SCI10_TEI10
 .text.INT_Excep_SCI11_RXI11
                0x00000000fffc07c1        0x9 ./generate/inthandler.o
                0x00000000fffc07c1                INT_Excep_SCI11_RXI11
 .text.INT_Excep_SCI11_TXI11
                0x00000000fffc07ca        0x9 ./generate/inthandler.o
                0x00000000fffc07ca                INT_Excep_SCI11_TXI11
 .text.INT_Excep_SCI11_TEI11
                0x00000000fffc07d3        0x9 ./generate/inthandler.o
                0x00000000fffc07d3                INT_Excep_SCI11_TEI11
 .text.INT_Excep_SCI12_RXI12
                0x00000000fffc07dc        0x9 ./generate/inthandler.o
                0x00000000fffc07dc                INT_Excep_SCI12_RXI12
 .text.INT_Excep_SCI12_TXI12
                0x00000000fffc07e5        0x9 ./generate/inthandler.o
                0x00000000fffc07e5                INT_Excep_SCI12_TXI12
 .text.INT_Excep_SCI12_TEI12
                0x00000000fffc07ee        0x9 ./generate/inthandler.o
                0x00000000fffc07ee                INT_Excep_SCI12_TEI12
 .text.INT_Excep_IEB_IEBINT
                0x00000000fffc07f7        0x9 ./generate/inthandler.o
                0x00000000fffc07f7                INT_Excep_IEB_IEBINT
 .text.__call_exitprocs
                0x00000000fffc0800       0x85 c:/programdata/gcc for renesas rx 8.3.0.202102-gnurx-elf/rx-elf/rx-elf/bin/../lib/gcc/rx-elf/8.3.0.202102-GNURX/../../../../rx-elf/lib\libc.a(lib_a-__call_atexit.o)
                0x00000000fffc0800                __call_exitprocs
 *(P)
 P              0x00000000fffc0885        0x0 ./src/gcc_rx_project.o
 P              0x00000000fffc0885        0x0 ./generate/hwinit.o
 P              0x00000000fffc0885        0x0 ./generate/inthandler.o
 P              0x00000000fffc0885        0x0 ./generate/start.o
 P              0x00000000fffc0885        0x0 ./generate/vects.o
 P              0x00000000fffc0885        0x0 c:/programdata/gcc for renesas rx 8.3.0.202102-gnurx-elf/rx-elf/rx-elf/bin/../lib/gcc/rx-elf/8.3.0.202102-GNURX/../../../../rx-elf/lib\libc.a(lib_a-__call_atexit.o)
 P              0x00000000fffc0885        0x0 c:/programdata/gcc for renesas rx 8.3.0.202102-gnurx-elf/rx-elf/rx-elf/bin/../lib/gcc/rx-elf/8.3.0.202102-GNURX/../../../../rx-elf/lib\libc.a(lib_a-impure.o)
                0x00000000fffc0885                etext = .

.rvectors       0x00000000fffc0888      0x400
                0x00000000fffc0888                _rvectors_start = .
 *(.rvectors)
 .rvectors      0x00000000fffc0888      0x400 ./generate/vects.o
                0x00000000fffc0888                RelocatableVectors
                0x00000000fffc0c88                _rvectors_end = .

.init           0x00000000fffc0c88        0x0
 *(.init)
                0x00000000fffc0c88                __preinit_array_start = .
 *(.preinit_array)
                0x00000000fffc0c88                __preinit_array_end = .
                0x00000000fffc0c88                __init_array_start = ((. + 0x3) & 0xfffffffffffffffc)
 *(.init_array)
 *(SORT_BY_NAME(.init_array.*))
                0x00000000fffc0c88                __init_array_end = .
                0x00000000fffc0c88                __fini_array_start = .
 *(.fini_array)
 *(SORT_BY_NAME(.fini_array.*))
                0x00000000fffc0c88                __fini_array_end = .

.fini
 *(.fini)

.got
 *(.got)
 *(.got.plt)

.rodata         0x00000000fffc0c88        0x4
 *(.rodata)
 *(.rodata.*)
 .rodata._global_impure_ptr
                0x00000000fffc0c88        0x4 c:/programdata/gcc for renesas rx 8.3.0.202102-gnurx-elf/rx-elf/rx-elf/bin/../lib/gcc/rx-elf/8.3.0.202102-GNURX/../../../../rx-elf/lib\libc.a(lib_a-impure.o)
                0x00000000fffc0c88                _global_impure_ptr
 *(C_1)
 *(C_2)
 *(C)
                0x00000000fffc0c8c                _erodata = .

gcc_exceptions_table
 *(.gcc_except_table)
 *(.gcc_except_table.*)

.eh_frame_hdr
 *(.eh_frame_hdr)

.eh_frame
 *(.eh_frame)

.jcr
 *(.jcr)

.tors           0x00000000fffc0c8c        0x0
                0x00000000fffc0c8c                __CTOR_LIST__ = .
                0x00000000fffc0c8c                . = ALIGN (0x2)
                0x00000000fffc0c8c                ___ctors = .
 *(.ctors)
                0x00000000fffc0c8c                ___ctors_end = .
                0x00000000fffc0c8c                __CTOR_END__ = .
                0x00000000fffc0c8c                __DTOR_LIST__ = .
                0x00000000fffc0c8c                ___dtors = .
 *(.dtors)
                0x00000000fffc0c8c                ___dtors_end = .
                0x00000000fffc0c8c                __DTOR_END__ = .
                0x00000000fffc0c8c                . = ALIGN (0x2)
                0x00000000fffc0c8c                _mdata = .

.ustack         0x0000000000000200        0x0
                0x0000000000000200                _ustack = .

.istack         0x0000000000000100        0x0
                0x0000000000000100                _istack = .

.data           0x0000000000000204      0x428 load address 0x00000000fffc0c8c
                0x0000000000000204                _data = .
 *(.data)
 *(.data.*)
 .data._impure_ptr
                0x0000000000000204        0x4 c:/programdata/gcc for renesas rx 8.3.0.202102-gnurx-elf/rx-elf/rx-elf/bin/../lib/gcc/rx-elf/8.3.0.202102-GNURX/../../../../rx-elf/lib\libc.a(lib_a-impure.o)
                0x0000000000000204                _impure_ptr
 .data.impure_data
                0x0000000000000208      0x424 c:/programdata/gcc for renesas rx 8.3.0.202102-gnurx-elf/rx-elf/rx-elf/bin/../lib/gcc/rx-elf/8.3.0.202102-GNURX/../../../../rx-elf/lib\libc.a(lib_a-impure.o)
 *(D)
 *(D_1)
 D_1            0x000000000000062c        0x0 ./src/gcc_rx_project.o
 D_1            0x000000000000062c        0x0 ./generate/hwinit.o
 D_1            0x000000000000062c        0x0 ./generate/inthandler.o
 D_1            0x000000000000062c        0x0 ./generate/start.o
 D_1            0x000000000000062c        0x0 ./generate/vects.o
 D_1            0x000000000000062c        0x0 c:/programdata/gcc for renesas rx 8.3.0.202102-gnurx-elf/rx-elf/rx-elf/bin/../lib/gcc/rx-elf/8.3.0.202102-GNURX/../../../../rx-elf/lib\libc.a(lib_a-__call_atexit.o)
 D_1            0x000000000000062c        0x0 c:/programdata/gcc for renesas rx 8.3.0.202102-gnurx-elf/rx-elf/rx-elf/bin/../lib/gcc/rx-elf/8.3.0.202102-GNURX/../../../../rx-elf/lib\libc.a(lib_a-impure.o)
 *(D_2)
                0x000000000000062c                _edata = .

.bss            0x000000000000062c       0x54 load address 0x00000000fffc10b4
                0x000000000000062c                _bss = .
 *(.bss)
 *(.bss.**)
 *(COMMON)
 *(B)
 *(B_1)
 B_1            0x000000000000062c        0x0 ./src/gcc_rx_project.o
 B_1            0x000000000000062c        0x0 ./generate/hwinit.o
 B_1            0x000000000000062c        0x0 ./generate/inthandler.o
 B_1            0x000000000000062c        0x0 ./generate/start.o
 B_1            0x000000000000062c        0x0 ./generate/vects.o
 B_1            0x000000000000062c        0x0 c:/programdata/gcc for renesas rx 8.3.0.202102-gnurx-elf/rx-elf/rx-elf/bin/../lib/gcc/rx-elf/8.3.0.202102-GNURX/../../../../rx-elf/lib\libc.a(lib_a-__call_atexit.o)
 B_1            0x000000000000062c        0x0 c:/programdata/gcc for renesas rx 8.3.0.202102-gnurx-elf/rx-elf/rx-elf/bin/../lib/gcc/rx-elf/8.3.0.202102-GNURX/../../../../rx-elf/lib\libc.a(lib_a-impure.o)
 *(B_2)
                0x000000000000062c                _ebss = .
                0x0000000000000680                . = ALIGN (0x80)
 *fill*         0x000000000000062c       0x54 
                0x0000000000000680                _end = .
OUTPUT(gcc_rx_project.elf elf32-rx-le)

.debug_frame    0x0000000000000000     0x1b1c
 .debug_frame   0x0000000000000000       0x34 ./src/gcc_rx_project.o
 .debug_frame   0x0000000000000034       0x34 ./generate/hwinit.o
 .debug_frame   0x0000000000000068     0x1ab4 ./generate/inthandler.o

.debug_info     0x0000000000000000     0x1116
 .debug_info    0x0000000000000000       0x66 ./src/gcc_rx_project.o
 .debug_info    0x0000000000000066       0x5b ./generate/hwinit.o
 .debug_info    0x00000000000000c1      0xfa3 ./generate/inthandler.o
 .debug_info    0x0000000000001064       0x26 ./generate/start.o
 .debug_info    0x000000000000108a       0x8c ./generate/vects.o

.debug_abbrev   0x0000000000000000      0x146
 .debug_abbrev  0x0000000000000000       0x46 ./src/gcc_rx_project.o
 .debug_abbrev  0x0000000000000046       0x39 ./generate/hwinit.o
 .debug_abbrev  0x000000000000007f       0x48 ./generate/inthandler.o
 .debug_abbrev  0x00000000000000c7       0x14 ./generate/start.o
 .debug_abbrev  0x00000000000000db       0x6b ./generate/vects.o

.debug_aranges  0x0000000000000000      0x738
 .debug_aranges
                0x0000000000000000       0x20 ./src/gcc_rx_project.o
 .debug_aranges
                0x0000000000000020       0x20 ./generate/hwinit.o
 .debug_aranges
                0x0000000000000040      0x6c0 ./generate/inthandler.o
 .debug_aranges
                0x0000000000000700       0x20 ./generate/start.o
 .debug_aranges
                0x0000000000000720       0x18 ./generate/vects.o

.debug_ranges   0x0000000000000000      0x6d0
 .debug_ranges  0x0000000000000000       0x10 ./src/gcc_rx_project.o
 .debug_ranges  0x0000000000000010       0x10 ./generate/hwinit.o
 .debug_ranges  0x0000000000000020      0x6b0 ./generate/inthandler.o

.debug_line     0x0000000000000000     0x12da
 .debug_line    0x0000000000000000       0x50 ./src/gcc_rx_project.o
 .debug_line    0x0000000000000050       0x49 ./generate/hwinit.o
 .debug_line    0x0000000000000099     0x11a0 ./generate/inthandler.o
 .debug_line    0x0000000000001239       0x6d ./generate/start.o
 .debug_line    0x00000000000012a6       0x34 ./generate/vects.o

.debug_str      0x0000000000000000     0x1304
 .debug_str     0x0000000000000000      0x129 ./src/gcc_rx_project.o
                                        0x13b (size before relaxing)
 .debug_str     0x0000000000000129       0x23 ./generate/hwinit.o
                                        0x141 (size before relaxing)
 .debug_str     0x000000000000014c     0x115f ./generate/inthandler.o
                                       0x1238 (size before relaxing)
 .debug_str     0x00000000000012ab       0x22 ./generate/start.o
                                         0x62 (size before relaxing)
 .debug_str     0x00000000000012cd       0x37 ./generate/vects.o
                                        0x122 (size before relaxing)

.comment        0x0000000000000000       0x6c
 .comment       0x0000000000000000       0x36 ./src/gcc_rx_project.o
                                         0x37 (size before relaxing)
 .comment       0x0000000000000036       0x37 ./generate/hwinit.o
 .comment       0x0000000000000036       0x37 ./generate/inthandler.o
 .comment       0x0000000000000036       0x37 ./generate/vects.o
 .comment       0x0000000000000036       0x36 c:/programdata/gcc for renesas rx 8.3.0.202102-gnurx-elf/rx-elf/rx-elf/bin/../lib/gcc/rx-elf/8.3.0.202102-GNURX/../../../../rx-elf/lib\libc.a(lib_a-__call_atexit.o)
                                         0x37 (size before relaxing)
 .comment       0x000000000000006c       0x37 c:/programdata/gcc for renesas rx 8.3.0.202102-gnurx-elf/rx-elf/rx-elf/bin/../lib/gcc/rx-elf/8.3.0.202102-GNURX/../../../../rx-elf/lib\libc.a(lib_a-impure.o)
